// Jest Snapshot v1, https://goo.gl/fbAQLP

exports[`Extension Test Suite Sample snapshot test 1`] = `
Object {
  "hello": "world",
}
`;
